[debug] [2026-06-23T02:40:14.461Z] ----------------------------------------------------------------------
[debug] [2026-06-23T02:40:14.463Z] Command:       C:\Program Files\nodejs\node.exe C:\Users\ejtg0\AppData\Local\npm-cache\_npx\ba4f1959e38407b5\node_modules\firebase-tools\lib\bin\firebase.js firestore:databases:list
[debug] [2026-06-23T02:40:14.463Z] CLI Version:   15.22.1
[debug] [2026-06-23T02:40:14.463Z] Platform:      win32
[debug] [2026-06-23T02:40:14.463Z] Node Version:  v24.13.0
[debug] [2026-06-23T02:40:14.463Z] Detected Agent: codex_cli
[debug] [2026-06-23T02:40:14.464Z] Time:          Mon Jun 22 2026 20:40:14 GMT-0600 (hora estándar central)
[debug] [2026-06-23T02:40:14.464Z] ----------------------------------------------------------------------
[debug] 
[debug] [2026-06-23T02:40:16.939Z] > command requires scopes: ["email","openid","https://www.googleapis.com/auth/cloudplatformprojects.readonly","https://www.googleapis.com/auth/firebase","https://www.googleapis.com/auth/cloud-platform"]
[debug] [2026-06-23T02:40:16.940Z] > authorizing via signed-in user (ch14jared.trujilloxd@gmail.com)
[debug] [2026-06-23T02:40:16.940Z] [iam] checking project mirutahn-b1a7f for permissions ["datastore.databases.list","firebase.projects.get"]
[debug] [2026-06-23T02:40:16.942Z] Checked if tokens are valid: true, expires at: 1782183917139
[debug] [2026-06-23T02:40:16.942Z] Checked if tokens are valid: true, expires at: 1782183917139
[debug] [2026-06-23T02:40:16.944Z] >>> [apiv2][query] POST https://cloudresourcemanager.googleapis.com/v1/projects/mirutahn-b1a7f:testIamPermissions [none]
[debug] [2026-06-23T02:40:16.945Z] >>> [apiv2][(partial)header] POST https://cloudresourcemanager.googleapis.com/v1/projects/mirutahn-b1a7f:testIamPermissions  x-goog-user-project=mirutahn-b1a7f
[debug] [2026-06-23T02:40:16.945Z] >>> [apiv2][body] POST https://cloudresourcemanager.googleapis.com/v1/projects/mirutahn-b1a7f:testIamPermissions {"permissions":["datastore.databases.list","firebase.projects.get"]}
[debug] [2026-06-23T02:40:17.326Z] <<< [apiv2][status] POST https://cloudresourcemanager.googleapis.com/v1/projects/mirutahn-b1a7f:testIamPermissions 200
[debug] [2026-06-23T02:40:17.327Z] <<< [apiv2][body] POST https://cloudresourcemanager.googleapis.com/v1/projects/mirutahn-b1a7f:testIamPermissions {"permissions":["datastore.databases.list","firebase.projects.get"]}
[debug] [2026-06-23T02:40:17.328Z] Checked if tokens are valid: true, expires at: 1782183917139
[debug] [2026-06-23T02:40:17.328Z] Checked if tokens are valid: true, expires at: 1782183917139
[debug] [2026-06-23T02:40:17.328Z] >>> [apiv2][query] GET https://firestore.googleapis.com/v1/projects/mirutahn-b1a7f/databases [none]
[debug] [2026-06-23T02:40:17.961Z] <<< [apiv2][status] GET https://firestore.googleapis.com/v1/projects/mirutahn-b1a7f/databases 200
[debug] [2026-06-23T02:40:17.962Z] <<< [apiv2][body] GET https://firestore.googleapis.com/v1/projects/mirutahn-b1a7f/databases {"databases":[{"name":"projects/mirutahn-b1a7f/databases/(default)","uid":"3dbaa5aa-962c-4548-a749-4cc0e9e0012f","createTime":"2026-05-09T23:41:48.568213Z","updateTime":"2026-05-09T23:41:48.568213Z","locationId":"nam5","type":"FIRESTORE_NATIVE","concurrencyMode":"PESSIMISTIC","versionRetentionPeriod":"3600s","earliestVersionTime":"2026-06-23T01:40:18.364136Z","appEngineIntegrationMode":"DISABLED","keyPrefix":"s","pointInTimeRecoveryEnablement":"POINT_IN_TIME_RECOVERY_DISABLED","deleteProtectionState":"DELETE_PROTECTION_DISABLED","databaseEdition":"STANDARD","freeTier":true,"realtimeUpdatesMode":"REALTIME_UPDATES_MODE_ENABLED","etag":"IOvj1O+qnJUDMPm3uPjaspQD"}]}
[info] ┌────────────────────────────────────────────────┬────────────────────┬────────────────────┐
│ Database Name                                  │ Edition            │ Type               │
├────────────────────────────────────────────────┼────────────────────┼────────────────────┤
│ projects/mirutahn-b1a7f/databases/(default)    │ STANDARD           │ FIRESTORE_NATIVE   │
└────────────────────────────────────────────────┴────────────────────┴────────────────────┘
[debug] [2026-06-23T02:40:41.949Z] ----------------------------------------------------------------------
[debug] [2026-06-23T02:40:41.951Z] Command:       C:\Program Files\nodejs\node.exe C:\Users\ejtg0\AppData\Local\npm-cache\_npx\ba4f1959e38407b5\node_modules\firebase-tools\lib\bin\firebase.js firestore:databases:get (default)
[debug] [2026-06-23T02:40:41.952Z] CLI Version:   15.22.1
[debug] [2026-06-23T02:40:41.952Z] Platform:      win32
[debug] [2026-06-23T02:40:41.952Z] Node Version:  v24.13.0
[debug] [2026-06-23T02:40:41.952Z] Detected Agent: codex_cli
[debug] [2026-06-23T02:40:41.952Z] Time:          Mon Jun 22 2026 20:40:41 GMT-0600 (hora estándar central)
[debug] [2026-06-23T02:40:41.952Z] ----------------------------------------------------------------------
[debug] 
[debug] [2026-06-23T02:40:43.826Z] > command requires scopes: ["email","openid","https://www.googleapis.com/auth/cloudplatformprojects.readonly","https://www.googleapis.com/auth/firebase","https://www.googleapis.com/auth/cloud-platform"]
[debug] [2026-06-23T02:40:43.827Z] > authorizing via signed-in user (ch14jared.trujilloxd@gmail.com)
[debug] [2026-06-23T02:40:43.827Z] [iam] checking project mirutahn-b1a7f for permissions ["datastore.databases.get","firebase.projects.get"]
[debug] [2026-06-23T02:40:43.829Z] Checked if tokens are valid: true, expires at: 1782183917139
[debug] [2026-06-23T02:40:43.830Z] Checked if tokens are valid: true, expires at: 1782183917139
[debug] [2026-06-23T02:40:43.831Z] >>> [apiv2][query] POST https://cloudresourcemanager.googleapis.com/v1/projects/mirutahn-b1a7f:testIamPermissions [none]
[debug] [2026-06-23T02:40:43.832Z] >>> [apiv2][(partial)header] POST https://cloudresourcemanager.googleapis.com/v1/projects/mirutahn-b1a7f:testIamPermissions  x-goog-user-project=mirutahn-b1a7f
[debug] [2026-06-23T02:40:43.832Z] >>> [apiv2][body] POST https://cloudresourcemanager.googleapis.com/v1/projects/mirutahn-b1a7f:testIamPermissions {"permissions":["datastore.databases.get","firebase.projects.get"]}
[debug] [2026-06-23T02:40:44.208Z] <<< [apiv2][status] POST https://cloudresourcemanager.googleapis.com/v1/projects/mirutahn-b1a7f:testIamPermissions 200
[debug] [2026-06-23T02:40:44.208Z] <<< [apiv2][body] POST https://cloudresourcemanager.googleapis.com/v1/projects/mirutahn-b1a7f:testIamPermissions {"permissions":["datastore.databases.get","firebase.projects.get"]}
[debug] [2026-06-23T02:40:44.209Z] Checked if tokens are valid: true, expires at: 1782183917139
[debug] [2026-06-23T02:40:44.209Z] Checked if tokens are valid: true, expires at: 1782183917139
[debug] [2026-06-23T02:40:44.209Z] >>> [apiv2][query] GET https://firestore.googleapis.com/v1/projects/mirutahn-b1a7f/databases/(default) [none]
[debug] [2026-06-23T02:40:44.687Z] <<< [apiv2][status] GET https://firestore.googleapis.com/v1/projects/mirutahn-b1a7f/databases/(default) 200
[debug] [2026-06-23T02:40:44.687Z] <<< [apiv2][body] GET https://firestore.googleapis.com/v1/projects/mirutahn-b1a7f/databases/(default) {"name":"projects/mirutahn-b1a7f/databases/(default)","uid":"3dbaa5aa-962c-4548-a749-4cc0e9e0012f","createTime":"2026-05-09T23:41:48.568213Z","updateTime":"2026-05-09T23:41:48.568213Z","locationId":"nam5","type":"FIRESTORE_NATIVE","concurrencyMode":"PESSIMISTIC","versionRetentionPeriod":"3600s","earliestVersionTime":"2026-06-23T01:40:45.091199Z","appEngineIntegrationMode":"DISABLED","keyPrefix":"s","pointInTimeRecoveryEnablement":"POINT_IN_TIME_RECOVERY_DISABLED","deleteProtectionState":"DELETE_PROTECTION_DISABLED","databaseEdition":"STANDARD","freeTier":true,"realtimeUpdatesMode":"REALTIME_UPDATES_MODE_ENABLED","etag":"IJXSwfyqnJUDMPm3uPjaspQD"}
[info] ┌──────────────────────────────┬──────────────────────────────────────────────────┐
│ Field                        │ Value                                            │
├──────────────────────────────┼──────────────────────────────────────────────────┤
│ Name                         │ projects/mirutahn-b1a7f/databases/(default)      │
├──────────────────────────────┼──────────────────────────────────────────────────┤
│ Create Time                  │ 2026-05-09T23:41:48.568213Z                      │
├──────────────────────────────┼──────────────────────────────────────────────────┤
│ Last Update Time             │ 2026-05-09T23:41:48.568213Z                      │
├──────────────────────────────┼──────────────────────────────────────────────────┤
│ Type                         │ FIRESTORE_NATIVE                                 │
├──────────────────────────────┼──────────────────────────────────────────────────┤
│ Edition                      │ STANDARD                                         │
├──────────────────────────────┼──────────────────────────────────────────────────┤
│ Location                     │ nam5                                             │
├──────────────────────────────┼──────────────────────────────────────────────────┤
│ Delete Protection State      │ DELETE_PROTECTION_DISABLED                       │
├──────────────────────────────┼──────────────────────────────────────────────────┤
│ Point In Time Recovery       │ POINT_IN_TIME_RECOVERY_DISABLED                  │
├──────────────────────────────┼──────────────────────────────────────────────────┤
│ Earliest Version Time        │ 2026-06-23T01:40:45.091199Z                      │
├──────────────────────────────┼──────────────────────────────────────────────────┤
│ Version Retention Period     │ 3600s                                            │
└──────────────────────────────┴──────────────────────────────────────────────────┘
